// Jest Snapshot v1, https://jestjs.io/docs/snapshot-testing

exports[`ProductCard snapshot deve bater com o snapshot 1`] = `
<div>
  <div
    class="bg-card text-card-foreground flex flex-col gap-6 rounded-xl border py-6 shadow-sm"
    data-slot="card"
  >
    <div
      class="@container/card-header grid auto-rows-min grid-rows-[auto_auto] items-start gap-1.5 px-6 has-data-[slot=card-action]:grid-cols-[1fr_auto] [.border-b]:pb-6"
      data-slot="card-header"
    >
      <div
        class="leading-none font-semibold"
        data-slot="card-title"
      >
        Produto Teste
      </div>
    </div>
    <div
      class="px-6"
      data-slot="card-content"
    >
      <div
        class="flex flex-col gap-3"
      >
        <div
          class="relative w-full aspect-[3/2]"
        >
          <img
            alt="Produto Teste"
            class="object-contain object-center rounded border"
            data-nimg="fill"
            decoding="async"
            loading="lazy"
            sizes="(max-width: 768px) 100vw, 33vw"
            src="/_next/image?url=https%3A%2F%2Fimages.unsplash.com%2Fphoto-xyz&w=3840&q=75"
            srcset="/_next/image?url=https%3A%2F%2Fimages.unsplash.com%2Fphoto-xyz&w=256&q=75 256w, /_next/image?url=https%3A%2F%2Fimages.unsplash.com%2Fphoto-xyz&w=384&q=75 384w, /_next/image?url=https%3A%2F%2Fimages.unsplash.com%2Fphoto-xyz&w=640&q=75 640w, /_next/image?url=https%3A%2F%2Fimages.unsplash.com%2Fphoto-xyz&w=750&q=75 750w, /_next/image?url=https%3A%2F%2Fimages.unsplash.com%2Fphoto-xyz&w=828&q=75 828w, /_next/image?url=https%3A%2F%2Fimages.unsplash.com%2Fphoto-xyz&w=1080&q=75 1080w, /_next/image?url=https%3A%2F%2Fimages.unsplash.com%2Fphoto-xyz&w=1200&q=75 1200w, /_next/image?url=https%3A%2F%2Fimages.unsplash.com%2Fphoto-xyz&w=1920&q=75 1920w, /_next/image?url=https%3A%2F%2Fimages.unsplash.com%2Fphoto-xyz&w=2048&q=75 2048w, /_next/image?url=https%3A%2F%2Fimages.unsplash.com%2Fphoto-xyz&w=3840&q=75 3840w"
            style="position: absolute; height: 100%; width: 100%; left: 0px; top: 0px; right: 0px; bottom: 0px; color: transparent;"
          />
        </div>
        <div
          class="flex flex-col"
        >
          <label
            class="flex items-center gap-2 font-medium select-none group-data-[disabled=true]:pointer-events-none group-data-[disabled=true]:opacity-50 peer-disabled:cursor-not-allowed peer-disabled:opacity-50 text-[10px] text-foreground"
            data-slot="label"
          >
            Categoria
          </label>
          <span
            class="text-[12px] text-foreground"
          >
            <span
              class="inline-flex items-center justify-center rounded-md border px-2 py-0.5 text-xs font-medium w-fit whitespace-nowrap shrink-0 [&>svg]:size-3 gap-1 [&>svg]:pointer-events-none focus-visible:border-ring focus-visible:ring-ring/50 focus-visible:ring-[3px] aria-invalid:ring-destructive/20 dark:aria-invalid:ring-destructive/40 aria-invalid:border-destructive transition-[color,box-shadow] overflow-hidden border-transparent bg-primary text-primary-foreground [a&]:hover:bg-primary/90 dark:text-foreground"
              data-slot="badge"
            >
              Categoria Teste
            </span>
          </span>
        </div>
        <div
          class="flex flex-col space-y-2"
        >
          <label
            class="flex items-center gap-2 font-medium select-none group-data-[disabled=true]:pointer-events-none group-data-[disabled=true]:opacity-50 peer-disabled:cursor-not-allowed peer-disabled:opacity-50 text-[10px] text-foreground"
            data-slot="label"
          >
            Descrição
          </label>
          <div
            class="text-base text-foreground line-clamp-2 dark:bg-zinc-800 bg-zinc-100 p-2 h-20 rounded"
          >
            Descrição teste
          </div>
        </div>
      </div>
    </div>
    <div
      class="flex items-center px-6 [.border-t]:pt-6"
      data-slot="card-footer"
    >
      <div
        class="mt-auto w-full font-bold bg-green-600 text-white p-3 rounded-full text-center"
      >
        R$ 99,99
      </div>
    </div>
  </div>
</div>
`;
